python : INFO:brain
_engine:BRAIN: 
Legacy XGBoost 
model loaded from 
brain_model.pkl
At line:1 char:1
+ python verify_sys
tem_connectivity.py
 > 
system_boot_v4.log 
2>&1
+ ~~~~~~~~~~~~~~~~~
~~~~~~~~~~~~~~~~~~~
~~~~~~~~~~~~~~~~~~~
~~~~~~~
    + CategoryInfo 
             : No  
  tSpecified: (I   
 NFO:brain_engi    
...brain_model    
.pkl:String) [    
], RemoteExcep    
tion
    + FullyQualifi 
   edErrorId : Na  
  tiveCommandErr   
 or
 
INFO:rl_ppo:Loaded 
PPO Model from 
ppo_agent.pth
INFO:brain_engine:B
RAIN: RL Engine 
(PPO) activated - 
Phase 4
INFO:brain_engine:B
RAIN: SMC Engine 
activated
INFO:brain_engine:B
RAIN: Enhanced 
Brain Engine 
initialized 
(RL=True, SMC=True)
INFO:brain_engine:B
RAIN DECISION: 
BLOCK (prob=0.360, 
conf=0.520) -> HOLD
>>> [TEST] System Connectivity Check Initiated
>>> [TEST] Importing Modules...
>>> [PASS] Modules Imported
>>> [TEST] Instantiating Engines...
>>> [PASS] Engines Instantiated
>>> [TEST] Simulating Data Flow...
>>> [TEST] Running Technical Engine...
    Levels Generated: ['fractals', 'fibs', 'oi_walls', 'pivots', 'order_blocks']
>>> [TEST] Running Risk Engine...
    Risk Calculated: Stop=100.0, Targets=[np.float64(104.67), np.float64(107.33)]
>>> [TEST] Running Brain Engine...
    Brain Decision: BLOCK
>>> [PASS] All Logic Flows Operational
>>> [SUCCESS] System is Ready for Deployment
