python : Traceback 
(most recent call 
last):
At line:1 char:1
+ python verify_sys
tem_connectivity.py
 > 
system_boot_v2.log 
2>&1
+ ~~~~~~~~~~~~~~~~~
~~~~~~~~~~~~~~~~~~~
~~~~~~~~~~~~~~~~~~~
~~~~~~~
    + CategoryInfo 
             : No  
  tSpecified: (T   
 raceback (most    
 recent call l    
ast)::String)     
[], RemoteExce    
ption
    + FullyQualifi 
   edErrorId : Na  
  tiveCommandErr   
 or
 
  File "F:\FnO\back
end\verify_system_c
onnectivity.py", 
line 25, in 
verify_system_boot
    from api 
import live_state 
# Check if API 
module is valid
    ^^^^^^^^^^^^^^^
^^^^^^^^^^^
  File "F:\FnO\back
end\api.py", line 
177, in <module>
    class SystemSta
te(BaseModel):
    ...<23 
lines>...
        
market_open: bool
  File "F:\FnO\back
end\api.py", line 
181, in SystemState
    
integrity_status: 
DivergenceType
                   
   ^^^^^^^^^^^^^^
NameError: name 
'DivergenceType' 
is not defined
>>> [TEST] System Connectivity Check Initiated
>>> [TEST] Importing Modules...
>>> [FAIL] System Crash: name 'DivergenceType' is not defined
